bruhbreh